// Jest Snapshot v1, https://goo.gl/fbAQLP

exports[`BrickClusterType should work 1`] = `
<BrickValueMapping
  mapping={
    Object {
      "-1": Object {
        "color": "gray",
        "text": "presentational-bricks:CLUSTER_TYPE_NONE",
      },
      "0": Object {
        "color": "purple",
        "text": "presentational-bricks:CLUSTER_TYPE_DEVELOPMENT",
      },
      "1": Object {
        "color": "green",
        "text": "presentational-bricks:CLUSTER_TYPE_TEST",
      },
      "2": Object {
        "color": "blue",
        "text": "presentational-bricks:CLUSTER_TYPE_PRODUCTION",
      },
      "3": Object {
        "color": "cyan",
        "text": "presentational-bricks:CLUSTER_TYPE_PRE_RELEASE",
      },
    }
  }
  value="0"
/>
`;
