// Jest Snapshot v1, https://goo.gl/fbAQLP

exports[`NavBar should work 1`] = `
<div
  className="nav-bar"
>
  <div
    className="left-content"
  >
    <div
      className="nav-logo"
    >
      <slot
        id="logo"
        name="logo"
      />
    </div>
    <div
      className="nav-menu"
    >
      <slot
        id="menu"
        name="menu"
      />
    </div>
  </div>
  <div
    className="right-content"
  >
    <div
      className="nav-buttons"
    >
      <slot
        id="buttons"
        name="buttons"
      />
    </div>
    <div
      className="nav-avator"
    >
      <slot
        id="avator"
        name="avator"
      />
    </div>
  </div>
</div>
`;
