// Jest Snapshot v1, https://goo.gl/fbAQLP

exports[`BrickLink target="_blank" should have external-link icon 1`] = `
<span>
  <Link
    className=""
    target="_blank"
    to="/url"
  >
    aaa
  </Link>
  <span
    className="externalIcon"
  >
    <GeneralIcon
      icon={
        Object {
          "icon": "external-link-alt",
          "lib": "fa",
        }
      }
    />
  </span>
</span>
`;
