// Jest Snapshot v1, https://goo.gl/fbAQLP

exports[`BrickAlertLevel should work 1`] = `
<BrickValueMapping
  mapping={
    Object {
      "0": Object {
        "color": "blue",
        "text": "NOTICE",
      },
      "1": Object {
        "color": "orange",
        "text": "WARNING",
      },
      "2": Object {
        "color": "red",
        "text": "URGENT",
      },
      "critical": Object {
        "color": "red",
        "text": "URGENT",
      },
      "info": Object {
        "color": "blue",
        "text": "NOTICE",
      },
      "warning": Object {
        "color": "orange",
        "text": "WARNING",
      },
    }
  }
  value={1}
/>
`;
