// Jest Snapshot v1, https://goo.gl/fbAQLP

exports[`BrickDeleteConfirm should work 1`] = `
<Fragment>
  <Modal
    cancelText="取消"
    confirmLoading={false}
    destroyOnClose={true}
    maskClosable={false}
    maskTransitionName="fade"
    okButtonProps={
      Object {
        "disabled": true,
        "loading": false,
      }
    }
    okText="确定"
    okType="danger"
    onCancel={[Function]}
    onOk={[Function]}
    title={
      <CardTitle
        name="console-w"
      />
    }
    transitionName="zoom"
    visible={true}
    width={416}
  >
    <CardBody
      content=""
      handleChange={[Function]}
      name="console-w"
    />
  </Modal>
</Fragment>
`;
